---
source: crates/ide/src/verilog_2005.rs
assertion_line: 2819
expression: normalize_hover_snapshot(hover.info.as_str())
---
```systemverilog
module child(input logic a);
```


---

from [feature.v](<feature.v#L2>)

---

```systemverilog
module child(output logic y);
```


---

from [feature.v](<feature.v#L5>)
