---
source: crates/ide/src/inlay_hint.rs
expression: hint_snapshot(hints)
input_file: crates/ide/src/inlay_hint/fixtures/ordered_port_hint_keeps_different_name_with_direction.sv
---
Port @ 76 "out →" padding=(false, true) target=Some((20, 23)) edit=Some("TextEdit { changes: [TextEditItem { ins: \".out(\", del: 76..76 }, TextEditItem { ins: \")\", del: 88..88 }] }")
