---
source: crates/ide/src/completion/engine/tests.rs
expression: items
input_file: crates/ide/src/completion/engine/fixtures/completes_config_design_phase_keywords.v
---
[
    CompletionItem {
        label: "design",
        kind: Keyword,
        edit: Some(
            TextEditItem {
                ins: "design",
                del: 14..16,
            },
        ),
        snippet_edit: None,
    },
]
