---
source: crates/ide/src/completion/engine/tests.rs
expression: items
input_file: crates/ide/src/completion/engine/fixtures/filters_initializer_expression_by_expected_type.v
---
[
    CompletionItem {
        label: "lhs",
        kind: Text,
        edit: Some(
            TextEditItem {
                ins: "lhs",
                del: 84..84,
            },
        ),
        snippet_edit: None,
    },
    CompletionItem {
        label: "same_width",
        kind: Text,
        edit: Some(
            TextEditItem {
                ins: "same_width",
                del: 84..84,
            },
        ),
        snippet_edit: None,
    },
]
