---
source: crates/ide/src/code_action/tests.rs
assertion_line: 360
expression: fixed
input_file: crates/ide/src/code_action/fixtures/code_actions/extract_variable_mixed_width_add.sv
---
module top; logic [3:0] b; logic [7:0] a, y; always_comb begin logic[7:0] value = b + a;
y = value; end endmodule
